py : Compiled E:\Anigravity\Legalize_site\Legalize_site-1\locale\ru\LC_MESSAGES\django.po -> 
E:\Anigravity\Legalize_site\Legalize_site-1\locale\ru\LC_MESSAGES\django.mo using built-in msgfmt
строка:1 знак:1
+ py manage.py test tests > test_errors.txt 2>&1
+ ~~~~~~~~~~~~~~~~~~~~~~~~~~~~~~~~~~~~~~~~~~~~~~
    + CategoryInfo          : NotSpecified: (Compiled E:\Ani...built-in msgfmt:String) [], RemoteException
    + FullyQualifiedErrorId : NativeCommandError
 
Compiled E:\Anigravity\Legalize_site\Legalize_site-1\locale\pl\LC_MESSAGES\django.po -> 
E:\Anigravity\Legalize_site\Legalize_site-1\locale\pl\LC_MESSAGES\django.mo using built-in msgfmt
Compiled E:\Anigravity\Legalize_site\Legalize_site-1\locale\en\LC_MESSAGES\django.po -> 
E:\Anigravity\Legalize_site\Legalize_site-1\locale\en\LC_MESSAGES\django.mo using built-in msgfmt
Creating test database for alias 'default'...

..FResized image from (2500, 2500) to (2000, 2000)
Compressed image: 96.9KB \u2192 7.0KB (saved 92.7%)
.C:\Users\ninds\AppData\Local\Programs\Python\Python313\Lib\site-packages\django\core\handlers\base.py:62: 
UserWarning: No directory at: E:\Anigravity\Legalize_site\Legalize_site-1\staticfiles\
  mw_instance = middleware(adapted_handler)
PDF font not found in default locations; falling back to PIL default font.
Using PIL default font for PDF rendering.
PDF font not found in default locations; falling back to PIL default font.
Using PIL default font for PDF rendering.
........Compressed image: 0.8KB \u2192 0.1KB (saved 86.9%)
.....
======================================================================
FAIL: test_03_payment_reminders_sync (tests.test_avatar_full_flow.AvatarFullFlowTest.test_03_payment_reminders_sync)
Verify Reminder creation/deletion on Payment changes.
----------------------------------------------------------------------
Traceback (most recent call last):
  File "E:\Anigravity\Legalize_site\Legalize_site-1\tests\test_avatar_full_flow.py", line 128, in 
test_03_payment_reminders_sync
    self.assertIn("┬ЄюЁющ яырЄ╕ц", reminder.title)
    ~~~~~~~~~~~~~^^^^^^^^^^^^^^^^^^^^^^^^^^^^^^^^^
AssertionError: '┬ЄюЁющ яырЄ╕ц' not found in 'Druga p\u0142atno\u015b\u0107: ╨рсюЄр'

----------------------------------------------------------------------
Ran 17 tests in 12.119s

FAILED (failures=1)
Destroying test database for alias 'default'...

Found 17 test(s).
Updated 26 document requirements with translations
System check identified no issues (0 silenced).

[Avatar]: Testing User/Client deletion sync...
[OK] Client deletion correctly removed User account.

[Avatar]: Testing Payment <-> Purpose synchronization...
[OK] Payment service synchronized with Client purpose change.

[Avatar]: Testing Payment <-> Reminder synchronization...

[Avatar]: Testing Document compression (JPEG -> WEBP)...
[OK] Image compression and WebP conversion successful.

[Avatar]: Testing Wezwanie parsing integration...
[OK] Wezwanie parsing successfully updated Client profile.

[Avatar]: Testing Unified Translations (DB-based)...
[OK] Translations correctly loaded from Database custom fields.
[OK] Hashing consistent
[OK] Normalization: ' wsc - 123 ' -> WSC-123

[TEST 1] Creating new submission 'test'...
[OK] Submission created: test-application

[TEST 2] Adding documents to submission...
[OK] Added documents to test-submission

[TEST 3] Changing client purpose to 'test-application'...
[OK] Client purpose changed to 'test-application'

[TEST 4] Testing payments and reminders...
[OK] Payment partial and reminder created.

[TEST 5] Testing image compression to WebP...
[OK] Image compressed to WebP: documents/test_evfdId1.webp

[TEST 6] Complex workflow: new client, payment, purpose change...
[OK] Complex workflow: purpose sync worked
Extracted docs: ['health_insurance', 'passport', 'payment_confirmation', 'photos']
